kalanjiyam-web        |     return_value = self._main(**kwargs)                                                         kalanjiyam-web        |                    ^^^^^^^^^^^^^^^^^^^^                                                         kalanjiyam-web        |   File "/app/.venv/lib/python3.11/site-packages/s3transfer/tasks.py", line 384, in _main        kalanjiyam-web        |     client.complete_multipart_upload(                                                           kalanjiyam-web        |   File "/app/.venv/lib/python3.11/site-packages/botocore/client.py", line 606, in _api_call     kalanjiyam-web        |     return self._make_api_call(operation_name, kwargs)                                          kalanjiyam-web        |            ^^^^^^^^^^^^^^^^^^^^^^^^^^^^^^^^^^^^^^^^^^^                                          kalanjiyam-web        |   File "/app/.venv/lib/python3.11/site-packages/botocore/context.py", line 123, in wrapper      kalanjiyam-web        |     return func(*args, **kwargs)                                                                kalanjiyam-web        |            ^^^^^^^^^^^^^^^^^^^^^                                                                kalanjiyam-web        |   File "/app/.venv/lib/python3.11/site-packages/botocore/client.py", line 1094, in _make_api_call                                                                                                                       kalanjiyam-web        |     raise error_class(parsed_response, operation_name)                                          kalanjiyam-web        | botocore.exceptions.ClientError: An error occurred (InvalidPart) when calling the CompleteMultipartUpload operation: One or more of the specified parts could not be found.  The part may not have been uploaded, or the specified entity tag may not match the part's entity tag.                                                              kalanjiyam-web        | [2026-06-19 06:43:55,310] ERROR in app: Exception on /kalanjiyam/proofing/create-project [POST] kalanjiyam-web        | Traceback (most recent call last):                                                              kalanjiyam-web        |   File "/app/.venv/lib/python3.11/site-packages/flask/app.py", line 1511, in wsgi_app           kalanjiyam-web        |     response = self.full_dispatch_request()                                                     kalanjiyam-web        |                ^^^^^^^^^^^^^^^^^^^^^^^^^^^^                                                     kalanjiyam-web        |   File "/app/.venv/lib/python3.11/site-packages/flask/app.py", line 919, in full_dispatch_request                                                                                                                       kalanjiyam-web        |     rv = self.handle_user_exception(e)                                                          kalanjiyam-web        |          ^^^^^^^^^^^^^^^^^^^^^^^^^^^^^                                                          kalanjiyam-web        |   File "/app/.venv/lib/python3.11/site-packages/flask/app.py", line 917, in full_dispatch_request                                                                                                                       kalanjiyam-web        |     rv = self.dispatch_request()                                                                kalanjiyam-web        |          ^^^^^^^^^^^^^^^^^^^^^^^                                                                kalanjiyam-web        |   File "/app/.venv/lib/python3.11/site-packages/flask/app.py", line 902, in dispatch_request    kalanjiyam-web        |     return self.ensure_sync(self.view_functions[rule.endpoint])(**view_args)  # type: ignore[no-any-return]                                                                                                             kalanjiyam-web        |            ^^^^^^^^^^^^^^^^^^^^^^^^^^^^^^^^^^^^^^^^^^^^^^^^^^^^^^^^^^^^^^^^^                    kalanjiyam-web        |   File "/app/kalanjiyam/views/proofing/decorators.py", line 14, in decorated_view               kalanjiyam-web        |     return current_app.ensure_sync(func)(*args, **kwargs)                                       kalanjiyam-web        |            ^^^^^^^^^^^^^^^^^^^^^^^^^^^^^^^^^^^^^^^^^^^^^^                                       kalanjiyam-web        |   File "/app/kalanjiyam/views/proofing/main.py", line 206, in create_project                    kalanjiyam-web        |     get_storage().save(source_pdf_key, form.local_file.data.stream)                             kalanjiyam-web        |   File "/app/kalanjiyam/utils/storage.py", line 226, in save                                    kalanjiyam-web        |     self.client.upload_fileobj(source, self.bucket, key)                                        kalanjiyam-web        |   File "/app/.venv/lib/python3.11/site-packages/botocore/context.py", line 123, in wrapper      kalanjiyam-web        |     return func(*args, **kwargs)                                                                kalanjiyam-web        |            ^^^^^^^^^^^^^^^^^^^^^                                                                kalanjiyam-web        |   File "/app/.venv/lib/python3.11/site-packages/boto3/s3/inject.py", line 678, in upload_fileobjkalanjiyam-web        |     return future.result()                                                                      kalanjiyam-web        |            ^^^^^^^^^^^^^^^                                                                      kalanjiyam-web        |   File "/app/.venv/lib/python3.11/site-packages/s3transfer/futures.py", line 111, in result     kalanjiyam-web        |     return self._coordinator.result()                                                           kalanjiyam-web        |            ^^^^^^^^^^^^^^^^^^^^^^^^^^                                                           kalanjiyam-web        |   File "/app/.venv/lib/python3.11/site-packages/s3transfer/futures.py", line 287, in result     kalanjiyam-web        |     raise self._exception                                                                       kalanjiyam-web        |   File "/app/.venv/lib/python3.11/site-packages/s3transfer/tasks.py", line 142, in __call__     kalanjiyam-web        |     return self._execute_main(kwargs)                                                           kalanjiyam-web        |            ^^^^^^^^^^^^^^^^^^^^^^^^^^                                                           kalanjiyam-web        |   File "/app/.venv/lib/python3.11/site-packages/s3transfer/tasks.py", line 165, in _execute_mainkalanjiyam-web        |     return_value = self._main(**kwargs)                                                         kalanjiyam-web        |                    ^^^^^^^^^^^^^^^^^^^^                                                         kalanjiyam-web        |   File "/app/.venv/lib/python3.11/site-packages/s3transfer/tasks.py", line 384, in _main        kalanjiyam-web        |     client.complete_multipart_upload(                                                           kalanjiyam-web        |   File "/app/.venv/lib/python3.11/site-packages/botocore/client.py", line 606, in _api_call     kalanjiyam-web        |     return self._make_api_call(operation_name, kwargs)                                          kalanjiyam-web        |            ^^^^^^^^^^^^^^^^^^^^^^^^^^^^^^^^^^^^^^^^^^^                                          kalanjiyam-web        |   File "/app/.venv/lib/python3.11/site-packages/botocore/context.py", line 123, in wrapper      kalanjiyam-web        |     return func(*args, **kwargs)                                                                kalanjiyam-web        |            ^^^^^^^^^^^^^^^^^^^^^                                                                kalanjiyam-web        |   File "/app/.venv/lib/python3.11/site-packages/botocore/client.py", line 1094, in _make_api_call                                                                                                                       kalanjiyam-web        |     raise error_class(parsed_response, operation_name)                                          kalanjiyam-web        | botocore.exceptions.ClientError: An error occurred (InvalidPart) when calling the CompleteMultipartUpload operation: One or more of the specified parts could not be found.  The part may not have been uploaded, or the specified entity tag may not match the part's entity tag.                                                              kalanjiyam-web        | 10.51.12.45 - - [19/Jun/2026:06:43:55 +0000] "POST /kalanjiyam/proofing/create-project HTTP/1.1" 500 6197 "http://10.129.6.47:5000/kalanjiyam/proofing/create-project" "Mozilla/5.0 (Windows NT 10.0; Win64; x64) AppleWebKit/537.36 (KHTML, like Gecko) Chrome/148.0.0.0 Safari/537.36"     